<?xml version="1.0" encoding="utf-8"?><testsuites name="pytest tests"><testsuite name="pytest" errors="0" failures="0" skipped="0" tests="44" time="11.145" timestamp="2025-10-26T21:10:44.579604-07:00" hostname="tempura.cs.washington.edu"><testcase classname="tests.test_data" name="test_get_batch" time="1.868" /><testcase classname="tests.test_model" name="test_linear" time="1.539" /><testcase classname="tests.test_model" name="test_embedding" time="0.059" /><testcase classname="tests.test_model" name="test_swiglu" time="0.094" /><testcase classname="tests.test_model" name="test_scaled_dot_product_attention" time="0.027" /><testcase classname="tests.test_model" name="test_4d_scaled_dot_product_attention" time="0.027" /><testcase classname="tests.test_model" name="test_multihead_self_attention" time="0.080" /><testcase classname="tests.test_model" name="test_multihead_self_attention_with_rope" time="0.079" /><testcase classname="tests.test_model" name="test_transformer_lm" time="0.481" /><testcase classname="tests.test_model" name="test_transformer_lm_truncated_input" time="0.365" /><testcase classname="tests.test_model" name="test_transformer_block" time="0.129" /><testcase classname="tests.test_model" name="test_rmsnorm" time="0.010" /><testcase classname="tests.test_model" name="test_rope" time="0.003" /><testcase classname="tests.test_model" name="test_silu_matches_pytorch" time="0.000" /><testcase classname="tests.test_nn_utils" name="test_softmax_matches_pytorch" time="0.020" /><testcase classname="tests.test_nn_utils" name="test_cross_entropy" time="0.016" /><testcase classname="tests.test_nn_utils" name="test_gradient_clipping" time="0.006" /><testcase classname="tests.test_optimizer" name="test_adamw" time="0.697" /><testcase classname="tests.test_optimizer" name="test_get_lr_cosine_schedule" time="0.000" /><testcase classname="tests.test_serialization" name="test_checkpointing" time="0.189" /><testcase classname="tests.test_tokenizer" name="test_roundtrip_empty" time="0.334" /><testcase classname="tests.test_tokenizer" name="test_empty_matches_tiktoken" time="0.144" /><testcase classname="tests.test_tokenizer" name="test_roundtrip_single_character" time="0.143" /><testcase classname="tests.test_tokenizer" name="test_single_character_matches_tiktoken" time="0.142" /><testcase classname="tests.test_tokenizer" name="test_roundtrip_single_unicode_character" time="0.141" /><testcase classname="tests.test_tokenizer" name="test_single_unicode_character_matches_tiktoken" time="0.141" /><testcase classname="tests.test_tokenizer" name="test_roundtrip_ascii_string" time="0.140" /><testcase classname="tests.test_tokenizer" name="test_ascii_string_matches_tiktoken" time="0.176" /><testcase classname="tests.test_tokenizer" name="test_roundtrip_unicode_string" time="0.142" /><testcase classname="tests.test_tokenizer" name="test_unicode_string_matches_tiktoken" time="0.175" /><testcase classname="tests.test_tokenizer" name="test_roundtrip_unicode_string_with_special_tokens" time="0.181" /><testcase classname="tests.test_tokenizer" name="test_unicode_string_with_special_tokens_matches_tiktoken" time="0.175" /><testcase classname="tests.test_tokenizer" name="test_address_roundtrip" time="0.139" /><testcase classname="tests.test_tokenizer" name="test_address_matches_tiktoken" time="0.139" /><testcase classname="tests.test_tokenizer" name="test_german_roundtrip" time="0.139" /><testcase classname="tests.test_tokenizer" name="test_german_matches_tiktoken" time="0.140" /><testcase classname="tests.test_tokenizer" name="test_tinystories_sample_roundtrip" time="0.138" /><testcase classname="tests.test_tokenizer" name="test_tinystories_matches_tiktoken" time="0.172" /><testcase classname="tests.test_tokenizer" name="test_encode_special_token_trailing_newlines" time="0.173" /><testcase classname="tests.test_tokenizer" name="test_encode_special_token_double_newline_non_whitespace" time="0.175" /><testcase classname="tests.test_tokenizer" name="test_encode_iterable_tinystories_sample_roundtrip" time="0.141" /><testcase classname="tests.test_tokenizer" name="test_encode_iterable_tinystories_matches_tiktoken" time="0.173" /><testcase classname="tests.test_tokenizer" name="test_encode_iterable_memory_usage" time="0.674" /><testcase classname="tests.test_tokenizer" name="test_encode_memory_usage" time="1.099" /></testsuite></testsuites>